// Jest Snapshot v1, https://goo.gl/fbAQLP

exports[`renders correctly 1`] = `
<div
  className="sc-gswNZR eIevEh"
>
  <div
    className="sc-bcXHqe gLehBq"
  >
    <style
      dangerouslySetInnerHTML={
        Object {
          "__html": ".css-1u3bzj6-MuiFormControl-root-MuiTextField-root{display:-webkit-inline-box;display:-webkit-inline-flex;display:-ms-inline-flexbox;display:inline-flex;-webkit-flex-direction:column;-ms-flex-direction:column;flex-direction:column;position:relative;min-width:0;padding:0;margin:0;border:0;vertical-align:top;}",
        }
      }
      data-emotion="css 1u3bzj6-MuiFormControl-root-MuiTextField-root"
    />
    <div
      className="MuiFormControl-root MuiTextField-root css-1u3bzj6-MuiFormControl-root-MuiTextField-root"
    >
      <style
        dangerouslySetInnerHTML={
          Object {
            "__html": ".css-11u0km3-MuiInputLabel-root{display:block;transform-origin:top left;white-space:nowrap;overflow:hidden;text-overflow:ellipsis;max-width:calc(133% - 24px);position:absolute;left:0;top:0;-webkit-transform:translate(14px, -9px) scale(0.75);-moz-transform:translate(14px, -9px) scale(0.75);-ms-transform:translate(14px, -9px) scale(0.75);transform:translate(14px, -9px) scale(0.75);-webkit-transition:color 200ms cubic-bezier(0.0, 0, 0.2, 1) 0ms,-webkit-transform 200ms cubic-bezier(0.0, 0, 0.2, 1) 0ms,max-width 200ms cubic-bezier(0.0, 0, 0.2, 1) 0ms;transition:color 200ms cubic-bezier(0.0, 0, 0.2, 1) 0ms,transform 200ms cubic-bezier(0.0, 0, 0.2, 1) 0ms,max-width 200ms cubic-bezier(0.0, 0, 0.2, 1) 0ms;z-index:1;pointer-events:auto;-webkit-user-select:none;-moz-user-select:none;-ms-user-select:none;user-select:none;}",
          }
        }
        data-emotion="css 11u0km3-MuiInputLabel-root"
      />
      <style
        dangerouslySetInnerHTML={
          Object {
            "__html": ".css-1sumxir-MuiFormLabel-root-MuiInputLabel-root{color:rgba(0, 0, 0, 0.6);font-family:\\"Roboto\\",\\"Helvetica\\",\\"Arial\\",sans-serif;font-weight:400;font-size:1rem;line-height:1.4375em;letter-spacing:0.00938em;padding:0;position:relative;display:block;transform-origin:top left;white-space:nowrap;overflow:hidden;text-overflow:ellipsis;max-width:calc(133% - 24px);position:absolute;left:0;top:0;-webkit-transform:translate(14px, -9px) scale(0.75);-moz-transform:translate(14px, -9px) scale(0.75);-ms-transform:translate(14px, -9px) scale(0.75);transform:translate(14px, -9px) scale(0.75);-webkit-transition:color 200ms cubic-bezier(0.0, 0, 0.2, 1) 0ms,-webkit-transform 200ms cubic-bezier(0.0, 0, 0.2, 1) 0ms,max-width 200ms cubic-bezier(0.0, 0, 0.2, 1) 0ms;transition:color 200ms cubic-bezier(0.0, 0, 0.2, 1) 0ms,transform 200ms cubic-bezier(0.0, 0, 0.2, 1) 0ms,max-width 200ms cubic-bezier(0.0, 0, 0.2, 1) 0ms;z-index:1;pointer-events:auto;-webkit-user-select:none;-moz-user-select:none;-ms-user-select:none;user-select:none;}.css-1sumxir-MuiFormLabel-root-MuiInputLabel-root.Mui-focused{color:#1976d2;}.css-1sumxir-MuiFormLabel-root-MuiInputLabel-root.Mui-disabled{color:rgba(0, 0, 0, 0.38);}.css-1sumxir-MuiFormLabel-root-MuiInputLabel-root.Mui-error{color:#d32f2f;}",
          }
        }
        data-emotion="css 1sumxir-MuiFormLabel-root-MuiInputLabel-root"
      />
      <label
        className="MuiFormLabel-root MuiInputLabel-root MuiInputLabel-formControl MuiInputLabel-animated MuiInputLabel-shrink MuiInputLabel-outlined MuiFormLabel-colorPrimary MuiFormLabel-filled MuiInputLabel-root MuiInputLabel-formControl MuiInputLabel-animated MuiInputLabel-shrink MuiInputLabel-outlined css-1sumxir-MuiFormLabel-root-MuiInputLabel-root"
        data-shrink={true}
        htmlFor="outlined-required"
        id="outlined-required-label"
      >
        Description
      </label>
      <style
        dangerouslySetInnerHTML={
          Object {
            "__html": "@-webkit-keyframes mui-auto-fill{from{display:block;}}@keyframes mui-auto-fill{from{display:block;}}@-webkit-keyframes mui-auto-fill-cancel{from{display:block;}}@keyframes mui-auto-fill-cancel{from{display:block;}}",
          }
        }
        data-emotion="css-global 1prfaxn"
      />
      <style
        dangerouslySetInnerHTML={
          Object {
            "__html": ".css-9ddj71-MuiInputBase-root-MuiOutlinedInput-root{font-family:\\"Roboto\\",\\"Helvetica\\",\\"Arial\\",sans-serif;font-weight:400;font-size:1rem;line-height:1.4375em;letter-spacing:0.00938em;color:rgba(0, 0, 0, 0.87);box-sizing:border-box;position:relative;cursor:text;display:-webkit-inline-box;display:-webkit-inline-flex;display:-ms-inline-flexbox;display:inline-flex;-webkit-align-items:center;-webkit-box-align:center;-ms-flex-align:center;align-items:center;position:relative;border-radius:4px;}.css-9ddj71-MuiInputBase-root-MuiOutlinedInput-root.Mui-disabled{color:rgba(0, 0, 0, 0.38);cursor:default;}.css-9ddj71-MuiInputBase-root-MuiOutlinedInput-root:hover .MuiOutlinedInput-notchedOutline{border-color:rgba(0, 0, 0, 0.87);}@media (hover: none){.css-9ddj71-MuiInputBase-root-MuiOutlinedInput-root:hover .MuiOutlinedInput-notchedOutline{border-color:rgba(0, 0, 0, 0.23);}}.css-9ddj71-MuiInputBase-root-MuiOutlinedInput-root.Mui-focused .MuiOutlinedInput-notchedOutline{border-color:#1976d2;border-width:2px;}.css-9ddj71-MuiInputBase-root-MuiOutlinedInput-root.Mui-error .MuiOutlinedInput-notchedOutline{border-color:#d32f2f;}.css-9ddj71-MuiInputBase-root-MuiOutlinedInput-root.Mui-disabled .MuiOutlinedInput-notchedOutline{border-color:rgba(0, 0, 0, 0.26);}",
          }
        }
        data-emotion="css 9ddj71-MuiInputBase-root-MuiOutlinedInput-root"
      />
      <div
        className="MuiInputBase-root MuiOutlinedInput-root MuiInputBase-colorPrimary MuiInputBase-formControl css-9ddj71-MuiInputBase-root-MuiOutlinedInput-root"
        onClick={[Function]}
      >
        <style
          dangerouslySetInnerHTML={
            Object {
              "__html": ".css-1t8l2tu-MuiInputBase-input-MuiOutlinedInput-input{font:inherit;letter-spacing:inherit;color:currentColor;padding:4px 0 5px;border:0;box-sizing:content-box;background:none;height:1.4375em;margin:0;-webkit-tap-highlight-color:transparent;display:block;min-width:0;width:100%;-webkit-animation-name:mui-auto-fill-cancel;animation-name:mui-auto-fill-cancel;-webkit-animation-duration:10ms;animation-duration:10ms;padding:16.5px 14px;}.css-1t8l2tu-MuiInputBase-input-MuiOutlinedInput-input::-webkit-input-placeholder{color:currentColor;opacity:0.42;-webkit-transition:opacity 200ms cubic-bezier(0.4, 0, 0.2, 1) 0ms;transition:opacity 200ms cubic-bezier(0.4, 0, 0.2, 1) 0ms;}.css-1t8l2tu-MuiInputBase-input-MuiOutlinedInput-input::-moz-placeholder{color:currentColor;opacity:0.42;-webkit-transition:opacity 200ms cubic-bezier(0.4, 0, 0.2, 1) 0ms;transition:opacity 200ms cubic-bezier(0.4, 0, 0.2, 1) 0ms;}.css-1t8l2tu-MuiInputBase-input-MuiOutlinedInput-input:-ms-input-placeholder{color:currentColor;opacity:0.42;-webkit-transition:opacity 200ms cubic-bezier(0.4, 0, 0.2, 1) 0ms;transition:opacity 200ms cubic-bezier(0.4, 0, 0.2, 1) 0ms;}.css-1t8l2tu-MuiInputBase-input-MuiOutlinedInput-input::-ms-input-placeholder{color:currentColor;opacity:0.42;-webkit-transition:opacity 200ms cubic-bezier(0.4, 0, 0.2, 1) 0ms;transition:opacity 200ms cubic-bezier(0.4, 0, 0.2, 1) 0ms;}.css-1t8l2tu-MuiInputBase-input-MuiOutlinedInput-input:focus{outline:0;}.css-1t8l2tu-MuiInputBase-input-MuiOutlinedInput-input:invalid{box-shadow:none;}.css-1t8l2tu-MuiInputBase-input-MuiOutlinedInput-input::-webkit-search-decoration{-webkit-appearance:none;}label[data-shrink=false]+.MuiInputBase-formControl .css-1t8l2tu-MuiInputBase-input-MuiOutlinedInput-input::-webkit-input-placeholder{opacity:0!important;}label[data-shrink=false]+.MuiInputBase-formControl .css-1t8l2tu-MuiInputBase-input-MuiOutlinedInput-input::-moz-placeholder{opacity:0!important;}label[data-shrink=false]+.MuiInputBase-formControl .css-1t8l2tu-MuiInputBase-input-MuiOutlinedInput-input:-ms-input-placeholder{opacity:0!important;}label[data-shrink=false]+.MuiInputBase-formControl .css-1t8l2tu-MuiInputBase-input-MuiOutlinedInput-input::-ms-input-placeholder{opacity:0!important;}label[data-shrink=false]+.MuiInputBase-formControl .css-1t8l2tu-MuiInputBase-input-MuiOutlinedInput-input:focus::-webkit-input-placeholder{opacity:0.42;}label[data-shrink=false]+.MuiInputBase-formControl .css-1t8l2tu-MuiInputBase-input-MuiOutlinedInput-input:focus::-moz-placeholder{opacity:0.42;}label[data-shrink=false]+.MuiInputBase-formControl .css-1t8l2tu-MuiInputBase-input-MuiOutlinedInput-input:focus:-ms-input-placeholder{opacity:0.42;}label[data-shrink=false]+.MuiInputBase-formControl .css-1t8l2tu-MuiInputBase-input-MuiOutlinedInput-input:focus::-ms-input-placeholder{opacity:0.42;}.css-1t8l2tu-MuiInputBase-input-MuiOutlinedInput-input.Mui-disabled{opacity:1;-webkit-text-fill-color:rgba(0, 0, 0, 0.38);}.css-1t8l2tu-MuiInputBase-input-MuiOutlinedInput-input:-webkit-autofill{-webkit-animation-duration:5000s;animation-duration:5000s;-webkit-animation-name:mui-auto-fill;animation-name:mui-auto-fill;}.css-1t8l2tu-MuiInputBase-input-MuiOutlinedInput-input:-webkit-autofill{border-radius:inherit;}",
            }
          }
          data-emotion="css 1t8l2tu-MuiInputBase-input-MuiOutlinedInput-input"
        />
        <input
          aria-invalid={false}
          autoFocus={false}
          className="MuiInputBase-input MuiOutlinedInput-input css-1t8l2tu-MuiInputBase-input-MuiOutlinedInput-input"
          disabled={false}
          id="outlined-required"
          onAnimationStart={[Function]}
          onBlur={[Function]}
          onChange={[Function]}
          onFocus={[Function]}
          required={false}
          type="text"
          value="Task"
        />
        <style
          dangerouslySetInnerHTML={
            Object {
              "__html": ".css-rki20w-MuiOutlinedInput-notchedOutline{border-color:rgba(0, 0, 0, 0.23);}",
            }
          }
          data-emotion="css rki20w-MuiOutlinedInput-notchedOutline"
        />
        <style
          dangerouslySetInnerHTML={
            Object {
              "__html": ".css-1d3z3hw-MuiOutlinedInput-notchedOutline{text-align:left;position:absolute;bottom:0;right:0;top:-5px;left:0;margin:0;padding:0 8px;pointer-events:none;border-radius:inherit;border-style:solid;border-width:1px;overflow:hidden;min-width:0%;border-color:rgba(0, 0, 0, 0.23);}",
            }
          }
          data-emotion="css 1d3z3hw-MuiOutlinedInput-notchedOutline"
        />
        <fieldset
          aria-hidden={true}
          className="MuiOutlinedInput-notchedOutline css-1d3z3hw-MuiOutlinedInput-notchedOutline"
        >
          <style
            dangerouslySetInnerHTML={
              Object {
                "__html": ".css-14lo706{float:unset;width:auto;overflow:hidden;display:block;padding:0;height:11px;font-size:0.75em;visibility:hidden;max-width:100%;-webkit-transition:max-width 100ms cubic-bezier(0.0, 0, 0.2, 1) 50ms;transition:max-width 100ms cubic-bezier(0.0, 0, 0.2, 1) 50ms;white-space:nowrap;}.css-14lo706>span{padding-left:5px;padding-right:5px;display:inline-block;opacity:0;visibility:visible;}",
              }
            }
            data-emotion="css 14lo706"
          />
          <legend
            className="css-14lo706"
          >
            <span>
              Description
            </span>
          </legend>
        </fieldset>
      </div>
    </div>
    <style
      dangerouslySetInnerHTML={
        Object {
          "__html": ".css-w60cv3-MuiButton-root{font-family:\\"Roboto\\",\\"Helvetica\\",\\"Arial\\",sans-serif;font-weight:500;font-size:0.875rem;line-height:1.75;letter-spacing:0.02857em;text-transform:uppercase;min-width:64px;padding:6px 8px;border-radius:4px;-webkit-transition:background-color 250ms cubic-bezier(0.4, 0, 0.2, 1) 0ms,box-shadow 250ms cubic-bezier(0.4, 0, 0.2, 1) 0ms,border-color 250ms cubic-bezier(0.4, 0, 0.2, 1) 0ms,color 250ms cubic-bezier(0.4, 0, 0.2, 1) 0ms;transition:background-color 250ms cubic-bezier(0.4, 0, 0.2, 1) 0ms,box-shadow 250ms cubic-bezier(0.4, 0, 0.2, 1) 0ms,border-color 250ms cubic-bezier(0.4, 0, 0.2, 1) 0ms,color 250ms cubic-bezier(0.4, 0, 0.2, 1) 0ms;color:#1976d2;}.css-w60cv3-MuiButton-root:hover{-webkit-text-decoration:none;text-decoration:none;background-color:rgba(25, 118, 210, 0.04);}@media (hover: none){.css-w60cv3-MuiButton-root:hover{background-color:transparent;}}.css-w60cv3-MuiButton-root.Mui-disabled{color:rgba(0, 0, 0, 0.26);}",
        }
      }
      data-emotion="css w60cv3-MuiButton-root"
    />
    <style
      dangerouslySetInnerHTML={
        Object {
          "__html": ".css-1e6y48t-MuiButtonBase-root-MuiButton-root{display:-webkit-inline-box;display:-webkit-inline-flex;display:-ms-inline-flexbox;display:inline-flex;-webkit-align-items:center;-webkit-box-align:center;-ms-flex-align:center;align-items:center;-webkit-box-pack:center;-ms-flex-pack:center;-webkit-justify-content:center;justify-content:center;position:relative;box-sizing:border-box;-webkit-tap-highlight-color:transparent;background-color:transparent;outline:0;border:0;margin:0;border-radius:0;padding:0;cursor:pointer;-webkit-user-select:none;-moz-user-select:none;-ms-user-select:none;user-select:none;vertical-align:middle;-moz-appearance:none;-webkit-appearance:none;-webkit-text-decoration:none;text-decoration:none;color:inherit;font-family:\\"Roboto\\",\\"Helvetica\\",\\"Arial\\",sans-serif;font-weight:500;font-size:0.875rem;line-height:1.75;letter-spacing:0.02857em;text-transform:uppercase;min-width:64px;padding:6px 8px;border-radius:4px;-webkit-transition:background-color 250ms cubic-bezier(0.4, 0, 0.2, 1) 0ms,box-shadow 250ms cubic-bezier(0.4, 0, 0.2, 1) 0ms,border-color 250ms cubic-bezier(0.4, 0, 0.2, 1) 0ms,color 250ms cubic-bezier(0.4, 0, 0.2, 1) 0ms;transition:background-color 250ms cubic-bezier(0.4, 0, 0.2, 1) 0ms,box-shadow 250ms cubic-bezier(0.4, 0, 0.2, 1) 0ms,border-color 250ms cubic-bezier(0.4, 0, 0.2, 1) 0ms,color 250ms cubic-bezier(0.4, 0, 0.2, 1) 0ms;color:#1976d2;}.css-1e6y48t-MuiButtonBase-root-MuiButton-root::-moz-focus-inner{border-style:none;}.css-1e6y48t-MuiButtonBase-root-MuiButton-root.Mui-disabled{pointer-events:none;cursor:default;}@media print{.css-1e6y48t-MuiButtonBase-root-MuiButton-root{-webkit-print-color-adjust:exact;color-adjust:exact;}}.css-1e6y48t-MuiButtonBase-root-MuiButton-root:hover{-webkit-text-decoration:none;text-decoration:none;background-color:rgba(25, 118, 210, 0.04);}@media (hover: none){.css-1e6y48t-MuiButtonBase-root-MuiButton-root:hover{background-color:transparent;}}.css-1e6y48t-MuiButtonBase-root-MuiButton-root.Mui-disabled{color:rgba(0, 0, 0, 0.26);}",
        }
      }
      data-emotion="css 1e6y48t-MuiButtonBase-root-MuiButton-root"
    />
    <button
      className="MuiButtonBase-root MuiButton-root MuiButton-text MuiButton-textPrimary MuiButton-sizeMedium MuiButton-textSizeMedium MuiButton-root MuiButton-text MuiButton-textPrimary MuiButton-sizeMedium MuiButton-textSizeMedium css-1e6y48t-MuiButtonBase-root-MuiButton-root"
      disabled={false}
      onBlur={[Function]}
      onClick={[Function]}
      onContextMenu={[Function]}
      onDragLeave={[Function]}
      onFocus={[Function]}
      onKeyDown={[Function]}
      onKeyUp={[Function]}
      onMouseDown={[Function]}
      onMouseLeave={[Function]}
      onMouseUp={[Function]}
      onTouchEnd={[Function]}
      onTouchMove={[Function]}
      onTouchStart={[Function]}
      tabIndex={0}
      type="button"
    >
      Add Task
    </button>
  </div>
  <br />
  <br />
  <style
    dangerouslySetInnerHTML={
      Object {
        "__html": ".css-6s1xft-MuiGrid-root{box-sizing:border-box;display:-webkit-box;display:-webkit-flex;display:-ms-flexbox;display:flex;-webkit-box-flex-wrap:wrap;-webkit-flex-wrap:wrap;-ms-flex-wrap:wrap;flex-wrap:wrap;width:100%;-webkit-flex-direction:row;-ms-flex-direction:row;flex-direction:row;margin-top:-16px;width:calc(100% + 16px);margin-left:-16px;-webkit-box-pack:center;-ms-flex-pack:center;-webkit-justify-content:center;justify-content:center;-webkit-align-items:center;-webkit-box-align:center;-ms-flex-align:center;align-items:center;}.css-6s1xft-MuiGrid-root>.MuiGrid-item{padding-top:16px;}.css-6s1xft-MuiGrid-root>.MuiGrid-item{padding-left:16px;}",
      }
    }
    data-emotion="css 6s1xft-MuiGrid-root"
  />
  <div
    className="MuiGrid-root MuiGrid-container MuiGrid-spacing-xs-2 css-6s1xft-MuiGrid-root"
  >
    <style
      dangerouslySetInnerHTML={
        Object {
          "__html": ".css-13i4rnv-MuiGrid-root{box-sizing:border-box;margin:0;-webkit-flex-direction:row;-ms-flex-direction:row;flex-direction:row;}",
        }
      }
      data-emotion="css 13i4rnv-MuiGrid-root"
    />
    <div
      className="MuiGrid-root MuiGrid-item css-13i4rnv-MuiGrid-root"
    >
      <style
        dangerouslySetInnerHTML={
          Object {
            "__html": ".css-1gdfwye-MuiCard-root{overflow:hidden;}",
          }
        }
        data-emotion="css 1gdfwye-MuiCard-root"
      />
      <style
        dangerouslySetInnerHTML={
          Object {
            "__html": ".css-bhp9pd-MuiPaper-root-MuiCard-root{background-color:#fff;color:rgba(0, 0, 0, 0.87);-webkit-transition:box-shadow 300ms cubic-bezier(0.4, 0, 0.2, 1) 0ms;transition:box-shadow 300ms cubic-bezier(0.4, 0, 0.2, 1) 0ms;border-radius:4px;box-shadow:0px 2px 1px -1px rgba(0,0,0,0.2),0px 1px 1px 0px rgba(0,0,0,0.14),0px 1px 3px 0px rgba(0,0,0,0.12);overflow:hidden;}",
          }
        }
        data-emotion="css bhp9pd-MuiPaper-root-MuiCard-root"
      />
      <div
        className="MuiPaper-root MuiPaper-elevation MuiPaper-rounded MuiPaper-elevation1 MuiCard-root css-bhp9pd-MuiPaper-root-MuiCard-root"
      >
        <style
          dangerouslySetInnerHTML={
            Object {
              "__html": ".css-e6s3aq-MuiCardHeader-root{display:-webkit-box;display:-webkit-flex;display:-ms-flexbox;display:flex;-webkit-align-items:center;-webkit-box-align:center;-ms-flex-align:center;align-items:center;padding:16px;padding-left:16px;padding-right:16px;padding-top:8px;padding-bottom:8px;}",
            }
          }
          data-emotion="css e6s3aq-MuiCardHeader-root"
        />
        <div
          className="MuiCardHeader-root css-e6s3aq-MuiCardHeader-root"
        >
          <style
            dangerouslySetInnerHTML={
              Object {
                "__html": ".css-1qbkelo-MuiCardHeader-content{-webkit-flex:1 1 auto;-ms-flex:1 1 auto;flex:1 1 auto;}",
              }
            }
            data-emotion="css 1qbkelo-MuiCardHeader-content"
          />
          <div
            className="MuiCardHeader-content css-1qbkelo-MuiCardHeader-content"
          >
            <style
              dangerouslySetInnerHTML={
                Object {
                  "__html": ".css-1qvr50w-MuiTypography-root{margin:0;font-family:\\"Roboto\\",\\"Helvetica\\",\\"Arial\\",sans-serif;font-weight:400;font-size:1.5rem;line-height:1.334;letter-spacing:0em;display:block;}",
                }
              }
              data-emotion="css 1qvr50w-MuiTypography-root"
            />
            <span
              className="MuiTypography-root MuiTypography-h5 MuiCardHeader-title css-1qvr50w-MuiTypography-root"
            >
              Pending
            </span>
            <style
              dangerouslySetInnerHTML={
                Object {
                  "__html": ".css-nrdprl-MuiTypography-root{margin:0;font-family:\\"Roboto\\",\\"Helvetica\\",\\"Arial\\",sans-serif;font-weight:400;font-size:1rem;line-height:1.5;letter-spacing:0.00938em;color:rgba(0, 0, 0, 0.6);display:block;}",
                }
              }
              data-emotion="css nrdprl-MuiTypography-root"
            />
            <span
              className="MuiTypography-root MuiTypography-body1 MuiCardHeader-subheader css-nrdprl-MuiTypography-root"
            >
              0/0 selected
            </span>
          </div>
        </div>
        <style
          dangerouslySetInnerHTML={
            Object {
              "__html": ".css-9mgopn-MuiDivider-root{margin:0;-webkit-flex-shrink:0;-ms-flex-negative:0;flex-shrink:0;border-width:0;border-style:solid;border-color:rgba(0, 0, 0, 0.12);border-bottom-width:thin;}",
            }
          }
          data-emotion="css 9mgopn-MuiDivider-root"
        />
        <hr
          className="MuiDivider-root MuiDivider-fullWidth css-9mgopn-MuiDivider-root"
        />
        <style
          dangerouslySetInnerHTML={
            Object {
              "__html": ".css-abna4k-MuiList-root{list-style:none;margin:0;padding:0;position:relative;padding-top:8px;padding-bottom:8px;width:200px;height:230px;background-color:#fff;overflow:auto;}",
            }
          }
          data-emotion="css abna4k-MuiList-root"
        />
        <div
          className="MuiList-root MuiList-padding MuiList-dense css-abna4k-MuiList-root"
          role="list"
        >
          <style
            dangerouslySetInnerHTML={
              Object {
                "__html": ".css-6lnq02-MuiListItem-root{display:-webkit-box;display:-webkit-flex;display:-ms-flexbox;display:flex;-webkit-box-pack:start;-ms-flex-pack:start;-webkit-justify-content:flex-start;justify-content:flex-start;-webkit-align-items:center;-webkit-box-align:center;-ms-flex-align:center;align-items:center;position:relative;-webkit-text-decoration:none;text-decoration:none;width:100%;box-sizing:border-box;text-align:left;padding-top:4px;padding-bottom:4px;padding-left:16px;padding-right:16px;}.css-6lnq02-MuiListItem-root.Mui-focusVisible{background-color:rgba(0, 0, 0, 0.12);}.css-6lnq02-MuiListItem-root.Mui-selected{background-color:rgba(25, 118, 210, 0.08);}.css-6lnq02-MuiListItem-root.Mui-selected.Mui-focusVisible{background-color:rgba(25, 118, 210, 0.2);}.css-6lnq02-MuiListItem-root.Mui-disabled{opacity:0.38;}",
              }
            }
            data-emotion="css 6lnq02-MuiListItem-root"
          />
          <li
            className="MuiListItem-root MuiListItem-dense MuiListItem-gutters MuiListItem-padding css-6lnq02-MuiListItem-root"
            disabled={false}
          />
        </div>
      </div>
    </div>
    <div
      className="MuiGrid-root MuiGrid-item css-13i4rnv-MuiGrid-root"
    >
      <style
        dangerouslySetInnerHTML={
          Object {
            "__html": ".css-t0zib5-MuiGrid-root{box-sizing:border-box;display:-webkit-box;display:-webkit-flex;display:-ms-flexbox;display:flex;-webkit-box-flex-wrap:wrap;-webkit-flex-wrap:wrap;-ms-flex-wrap:wrap;flex-wrap:wrap;width:100%;-webkit-flex-direction:column;-ms-flex-direction:column;flex-direction:column;-webkit-align-items:center;-webkit-box-align:center;-ms-flex-align:center;align-items:center;}.css-t0zib5-MuiGrid-root>.MuiGrid-item{max-width:none;}",
          }
        }
        data-emotion="css t0zib5-MuiGrid-root"
      />
      <div
        className="MuiGrid-root MuiGrid-container MuiGrid-direction-xs-column css-t0zib5-MuiGrid-root"
      >
        <style
          dangerouslySetInnerHTML={
            Object {
              "__html": ".css-1m2smxq-MuiButton-root{font-family:\\"Roboto\\",\\"Helvetica\\",\\"Arial\\",sans-serif;font-weight:500;font-size:0.8125rem;line-height:1.75;letter-spacing:0.02857em;text-transform:uppercase;min-width:64px;padding:3px 9px;border-radius:4px;-webkit-transition:background-color 250ms cubic-bezier(0.4, 0, 0.2, 1) 0ms,box-shadow 250ms cubic-bezier(0.4, 0, 0.2, 1) 0ms,border-color 250ms cubic-bezier(0.4, 0, 0.2, 1) 0ms,color 250ms cubic-bezier(0.4, 0, 0.2, 1) 0ms;transition:background-color 250ms cubic-bezier(0.4, 0, 0.2, 1) 0ms,box-shadow 250ms cubic-bezier(0.4, 0, 0.2, 1) 0ms,border-color 250ms cubic-bezier(0.4, 0, 0.2, 1) 0ms,color 250ms cubic-bezier(0.4, 0, 0.2, 1) 0ms;border:1px solid rgba(25, 118, 210, 0.5);color:#1976d2;margin-top:4px;margin-bottom:4px;}.css-1m2smxq-MuiButton-root:hover{-webkit-text-decoration:none;text-decoration:none;background-color:rgba(25, 118, 210, 0.04);border:1px solid #1976d2;}@media (hover: none){.css-1m2smxq-MuiButton-root:hover{background-color:transparent;}}.css-1m2smxq-MuiButton-root.Mui-disabled{color:rgba(0, 0, 0, 0.26);border:1px solid rgba(0, 0, 0, 0.12);}",
            }
          }
          data-emotion="css 1m2smxq-MuiButton-root"
        />
        <style
          dangerouslySetInnerHTML={
            Object {
              "__html": ".css-ak74bx-MuiButtonBase-root-MuiButton-root{display:-webkit-inline-box;display:-webkit-inline-flex;display:-ms-inline-flexbox;display:inline-flex;-webkit-align-items:center;-webkit-box-align:center;-ms-flex-align:center;align-items:center;-webkit-box-pack:center;-ms-flex-pack:center;-webkit-justify-content:center;justify-content:center;position:relative;box-sizing:border-box;-webkit-tap-highlight-color:transparent;background-color:transparent;outline:0;border:0;margin:0;border-radius:0;padding:0;cursor:pointer;-webkit-user-select:none;-moz-user-select:none;-ms-user-select:none;user-select:none;vertical-align:middle;-moz-appearance:none;-webkit-appearance:none;-webkit-text-decoration:none;text-decoration:none;color:inherit;font-family:\\"Roboto\\",\\"Helvetica\\",\\"Arial\\",sans-serif;font-weight:500;font-size:0.8125rem;line-height:1.75;letter-spacing:0.02857em;text-transform:uppercase;min-width:64px;padding:3px 9px;border-radius:4px;-webkit-transition:background-color 250ms cubic-bezier(0.4, 0, 0.2, 1) 0ms,box-shadow 250ms cubic-bezier(0.4, 0, 0.2, 1) 0ms,border-color 250ms cubic-bezier(0.4, 0, 0.2, 1) 0ms,color 250ms cubic-bezier(0.4, 0, 0.2, 1) 0ms;transition:background-color 250ms cubic-bezier(0.4, 0, 0.2, 1) 0ms,box-shadow 250ms cubic-bezier(0.4, 0, 0.2, 1) 0ms,border-color 250ms cubic-bezier(0.4, 0, 0.2, 1) 0ms,color 250ms cubic-bezier(0.4, 0, 0.2, 1) 0ms;border:1px solid rgba(25, 118, 210, 0.5);color:#1976d2;margin-top:4px;margin-bottom:4px;}.css-ak74bx-MuiButtonBase-root-MuiButton-root::-moz-focus-inner{border-style:none;}.css-ak74bx-MuiButtonBase-root-MuiButton-root.Mui-disabled{pointer-events:none;cursor:default;}@media print{.css-ak74bx-MuiButtonBase-root-MuiButton-root{-webkit-print-color-adjust:exact;color-adjust:exact;}}.css-ak74bx-MuiButtonBase-root-MuiButton-root:hover{-webkit-text-decoration:none;text-decoration:none;background-color:rgba(25, 118, 210, 0.04);border:1px solid #1976d2;}@media (hover: none){.css-ak74bx-MuiButtonBase-root-MuiButton-root:hover{background-color:transparent;}}.css-ak74bx-MuiButtonBase-root-MuiButton-root.Mui-disabled{color:rgba(0, 0, 0, 0.26);border:1px solid rgba(0, 0, 0, 0.12);}",
            }
          }
          data-emotion="css ak74bx-MuiButtonBase-root-MuiButton-root"
        />
        <button
          aria-label="move selected right"
          className="MuiButtonBase-root MuiButton-root MuiButton-outlined MuiButton-outlinedPrimary MuiButton-sizeSmall MuiButton-outlinedSizeSmall Mui-disabled MuiButton-root MuiButton-outlined MuiButton-outlinedPrimary MuiButton-sizeSmall MuiButton-outlinedSizeSmall css-ak74bx-MuiButtonBase-root-MuiButton-root"
          disabled={true}
          onBlur={[Function]}
          onClick={[Function]}
          onContextMenu={[Function]}
          onDragLeave={[Function]}
          onFocus={[Function]}
          onKeyDown={[Function]}
          onKeyUp={[Function]}
          onMouseDown={[Function]}
          onMouseLeave={[Function]}
          onMouseUp={[Function]}
          onTouchEnd={[Function]}
          onTouchMove={[Function]}
          onTouchStart={[Function]}
          tabIndex={-1}
          type="button"
        >
          &gt;
        </button>
        <button
          aria-label="move selected left"
          className="MuiButtonBase-root MuiButton-root MuiButton-outlined MuiButton-outlinedPrimary MuiButton-sizeSmall MuiButton-outlinedSizeSmall Mui-disabled MuiButton-root MuiButton-outlined MuiButton-outlinedPrimary MuiButton-sizeSmall MuiButton-outlinedSizeSmall css-ak74bx-MuiButtonBase-root-MuiButton-root"
          disabled={true}
          onBlur={[Function]}
          onClick={[Function]}
          onContextMenu={[Function]}
          onDragLeave={[Function]}
          onFocus={[Function]}
          onKeyDown={[Function]}
          onKeyUp={[Function]}
          onMouseDown={[Function]}
          onMouseLeave={[Function]}
          onMouseUp={[Function]}
          onTouchEnd={[Function]}
          onTouchMove={[Function]}
          onTouchStart={[Function]}
          tabIndex={-1}
          type="button"
        >
          &lt;
        </button>
      </div>
    </div>
    <div
      className="MuiGrid-root MuiGrid-item css-13i4rnv-MuiGrid-root"
    >
      <div
        className="MuiPaper-root MuiPaper-elevation MuiPaper-rounded MuiPaper-elevation1 MuiCard-root css-bhp9pd-MuiPaper-root-MuiCard-root"
      >
        <div
          className="MuiCardHeader-root css-e6s3aq-MuiCardHeader-root"
        >
          <div
            className="MuiCardHeader-content css-1qbkelo-MuiCardHeader-content"
          >
            <span
              className="MuiTypography-root MuiTypography-h5 MuiCardHeader-title css-1qvr50w-MuiTypography-root"
            >
              Completed
            </span>
            <span
              className="MuiTypography-root MuiTypography-body1 MuiCardHeader-subheader css-nrdprl-MuiTypography-root"
            >
              0/0 selected
            </span>
          </div>
        </div>
        <hr
          className="MuiDivider-root MuiDivider-fullWidth css-9mgopn-MuiDivider-root"
        />
        <div
          className="MuiList-root MuiList-padding MuiList-dense css-abna4k-MuiList-root"
          role="list"
        >
          <li
            className="MuiListItem-root MuiListItem-dense MuiListItem-gutters MuiListItem-padding css-6lnq02-MuiListItem-root"
            disabled={false}
          />
        </div>
      </div>
    </div>
  </div>
</div>
`;
